INFO:     Will watch for changes in these directories: ['C:\\Users\\carlo\\OneDrive\\Escritorio\\software']
INFO:     Uvicorn running on http://0.0.0.0:8000 (Press CTRL+C to quit)
INFO:     Started reloader process [14480] using WatchFiles
Process SpawnProcess-1:
Traceback (most recent call last):
  File "C:\Users\carlo\AppData\Local\Programs\Python\Python312\Lib\multiprocessing\process.py", line 314, in _bootstrap
    self.run()
  File "C:\Users\carlo\AppData\Local\Programs\Python\Python312\Lib\multiprocessing\process.py", line 108, in run
    self._target(*self._args, **self._kwargs)
  File "C:\Users\carlo\OneDrive\Escritorio\software\backend\.venv\Lib\site-packages\uvicorn\_subprocess.py", line 78, in subprocess_started
    target(sockets=sockets)
  File "C:\Users\carlo\OneDrive\Escritorio\software\backend\.venv\Lib\site-packages\uvicorn\server.py", line 65, in run
    return asyncio.run(self.serve(sockets=sockets))
           ^^^^^^^^^^^^^^^^^^^^^^^^^^^^^^^^^^^^^^^^
  File "C:\Users\carlo\AppData\Local\Programs\Python\Python312\Lib\asyncio\runners.py", line 194, in run
    return runner.run(main)
           ^^^^^^^^^^^^^^^^
  File "C:\Users\carlo\AppData\Local\Programs\Python\Python312\Lib\asyncio\runners.py", line 118, in run
    return self._loop.run_until_complete(task)
           ^^^^^^^^^^^^^^^^^^^^^^^^^^^^^^^^^^^
  File "C:\Users\carlo\AppData\Local\Programs\Python\Python312\Lib\asyncio\base_events.py", line 664, in run_until_complete
    return future.result()
           ^^^^^^^^^^^^^^^
  File "C:\Users\carlo\OneDrive\Escritorio\software\backend\.venv\Lib\site-packages\uvicorn\server.py", line 69, in serve
    await self._serve(sockets)
  File "C:\Users\carlo\OneDrive\Escritorio\software\backend\.venv\Lib\site-packages\uvicorn\server.py", line 76, in _serve
    config.load()
  File "C:\Users\carlo\OneDrive\Escritorio\software\backend\.venv\Lib\site-packages\uvicorn\config.py", line 433, in load
    self.loaded_app = import_from_string(self.app)
                      ^^^^^^^^^^^^^^^^^^^^^^^^^^^^
  File "C:\Users\carlo\OneDrive\Escritorio\software\backend\.venv\Lib\site-packages\uvicorn\importer.py", line 19, in import_from_string
    module = importlib.import_module(module_str)
             ^^^^^^^^^^^^^^^^^^^^^^^^^^^^^^^^^^^
  File "C:\Users\carlo\AppData\Local\Programs\Python\Python312\Lib\importlib\__init__.py", line 90, in import_module
    return _bootstrap._gcd_import(name[level:], package, level)
           ^^^^^^^^^^^^^^^^^^^^^^^^^^^^^^^^^^^^^^^^^^^^^^^^^^^^
  File "<frozen importlib._bootstrap>", line 1381, in _gcd_import
  File "<frozen importlib._bootstrap>", line 1354, in _find_and_load
  File "<frozen importlib._bootstrap>", line 1325, in _find_and_load_unlocked
  File "<frozen importlib._bootstrap>", line 929, in _load_unlocked
  File "<frozen importlib._bootstrap_external>", line 994, in exec_module
  File "<frozen importlib._bootstrap>", line 488, in _call_with_frames_removed
  File "C:\Users\carlo\OneDrive\Escritorio\software\backend\app\main.py", line 5, in <module>
    from .database import Base, engine
  File "C:\Users\carlo\OneDrive\Escritorio\software\backend\app\database.py", line 7, in <module>
    settings = get_settings()
               ^^^^^^^^^^^^^^
  File "C:\Users\carlo\OneDrive\Escritorio\software\backend\app\config.py", line 19, in get_settings
    return Settings()
           ^^^^^^^^^^
  File "C:\Users\carlo\OneDrive\Escritorio\software\backend\.venv\Lib\site-packages\pydantic_settings\main.py", line 84, in __init__
    super().__init__(
  File "C:\Users\carlo\OneDrive\Escritorio\software\backend\.venv\Lib\site-packages\pydantic\main.py", line 250, in __init__
    validated_self = self.__pydantic_validator__.validate_python(data, self_instance=self)
                     ^^^^^^^^^^^^^^^^^^^^^^^^^^^^^^^^^^^^^^^^^^^^^^^^^^^^^^^^^^^^^^^^^^^^^
pydantic_core._pydantic_core.ValidationError: 1 validation error for Settings
mapbox_token
  Field required [type=missing, input_value={'secret_key': 'change-me...te:///./data/routes.db'}, input_type=dict]
    For further information visit https://errors.pydantic.dev/2.12/v/missing
